80.85.69.0 0.072 - [20/Jan/2017:06:54:16 +0000] "GET /1/usage/search_operations/period/month HTTP/1.1" 200 632 "-" "python-requests/2.3.0 CPython/2.7.11 Windows/7"
80.85.69.0 0.116 - [20/Jan/2017:06:54:26 +0000] "GET /1/usage/search_operations/period/month HTTP/1.1" 200 632 "-" "python-requests/2.3.0 CPython/2.7.11 Windows/7"
202.142.187.0 0.186 - [20/Jan/2017:06:54:47 +0000] "GET /1/inventory/servers?X-Algolia-API-Key=xxx&X-Algolia-Application-Id=I24V39PTQM HTTP/1.1" 200 506 "https://www.algolia.com/dashboard" "Mozilla/5.0 (Windows NT 6.1; WOW64) AppleWebKit/537.36 (KHTML, like Gecko) Chrome/52.0.2743.116 Safari/537.36"
202.142.187.0 0.250 - [20/Jan/2017:06:54:47 +0000] "GET /1/usage/search_operations,acl_operations,indexing_operations,record_operations,records,list_indices_operations,total_operations/period/month?X-Algolia-API-Key=xxx&X-Algolia-Application-Id=I24V39PTQM HTTP/1.1" 200 2096 "https://www.algolia.com/dashboard" "Mozilla/5.0 (Windows NT 6.1; WOW64) AppleWebKit/537.36 (KHTML, like Gecko) Chrome/52.0.2743.116 Safari/537.36"
202.142.187.0 0.115 - [20/Jan/2017:06:54:48 +0000] "GET /1/usage/90p_processing_time,99p_processing_time/period/month?X-Algolia-API-Key=xxx&X-Algolia-Application-Id=I24V39PTQM HTTP/1.1" 200 752 "https://www.algolia.com/dashboard" "Mozilla/5.0 (Windows NT 6.1; WOW64) AppleWebKit/537.36 (KHTML, like Gecko) Chrome/52.0.2743.116 Safari/537.36"
80.85.69.0 0.085 - [20/Jan/2017:06:55:19 +0000] "GET /1/usage/search_operations/period/month HTTP/1.1" 200 632 "-" "python-requests/2.3.0 CPython/2.7.11 Windows/7"
80.85.69.0 0.109 - [20/Jan/2017:06:55:29 +0000] "GET /1/usage/search_operations/period/month HTTP/1.1" 200 632 "-" "python-requests/2.3.0 CPython/2.7.11 Windows/7"
115.31.128.0 0.000 - [20/Jan/2017:06:56:15 +0000] "GET /1/inventory/servers?X-Algolia-API-Key=xxx&X-Algolia-Application-Id=NWFXQX5AMT HTTP/1.1" 200 505 "https://www.algolia.com/dashboard" "Mozilla/5.0 (Windows NT 6.1; Win64; x64; rv:47.0) Gecko/20100101 Firefox/47.0"
115.31.128.0 0.168 - [20/Jan/2017:06:56:16 +0000] "GET /1/usage/search_operations,acl_operations,indexing_operations,record_operations,records,list_indices_operations,total_operations/period/month?X-Algolia-API-Key=xxx&X-Algolia-Application-Id=NWFXQX5AMT HTTP/1.1" 200 1360 "https://www.algolia.com/dashboard" "Mozilla/5.0 (Windows NT 6.1; Win64; x64; rv:47.0) Gecko/20100101 Firefox/47.0"
115.31.128.0 0.000 - [20/Jan/2017:06:56:16 +0000] "GET /1/usage/90p_processing_time,99p_processing_time/period/month?X-Algolia-API-Key=xxx&X-Algolia-Application-Id=NWFXQX5AMT HTTP/1.1" 200 662 "https://www.algolia.com/dashboard" "Mozilla/5.0 (Windows NT 6.1; Win64; x64; rv:47.0) Gecko/20100101 Firefox/47.0"
80.85.69.0 0.084 - [20/Jan/2017:06:56:21 +0000] "GET /1/usage/search_operations/period/month HTTP/1.1" 200 632 "-" "python-requests/2.3.0 CPython/2.7.11 Windows/7"
80.85.69.0 0.093 - [20/Jan/2017:06:56:32 +0000] "GET /1/usage/search_operations/period/month HTTP/1.1" 200 632 "-" "python-requests/2.3.0 CPython/2.7.11 Windows/7"
54.221.246.0 0.017 monitoring [20/Jan/2017:06:56:51 +0000] "POST /1/applications HTTP/1.1" 200 594 "-" "Ruby"
80.85.69.0 0.086 - [20/Jan/2017:06:57:03 +0000] "GET /1/usage/search_operations/period/month HTTP/1.1" 200 632 "-" "python-requests/2.3.0 CPython/2.7.11 Windows/7"
80.85.69.0 0.171 - [20/Jan/2017:06:57:13 +0000] "GET /1/usage/search_operations/period/month HTTP/1.1" 200 632 "-" "python-requests/2.3.0 CPython/2.7.11 Windows/7"
